// Jest Snapshot v1, https://goo.gl/fbAQLP

exports[`should render Searchbar correctly 1`] = `
ShallowWrapper {
  "length": 1,
  Symbol(enzyme.__root__): [Circular],
  Symbol(enzyme.__unrendered__): <Searchbar />,
  Symbol(enzyme.__renderer__): Object {
    "batchedUpdates": [Function],
    "getNode": [Function],
    "render": [Function],
    "simulateEvent": [Function],
    "unmount": [Function],
  },
  Symbol(enzyme.__node__): Object {
    "instance": null,
    "key": undefined,
    "nodeType": "host",
    "props": Object {
      "children": Array [
        <input
          id="search-bar"
          onChange={[Function]}
          placeholder="Enter zipcode"
          type="text"
          value=""
        />,
        <Link
          className="button"
          onClick={[Function]}
          replace={false}
          to={
            Object {
              "pathname": "/forecast/",
              "zipcode": "",
            }
          }
        >
          Search
        </Link>,
      ],
      "className": "search-container",
    },
    "ref": null,
    "rendered": Array [
      Object {
        "instance": null,
        "key": undefined,
        "nodeType": "host",
        "props": Object {
          "id": "search-bar",
          "onChange": [Function],
          "placeholder": "Enter zipcode",
          "type": "text",
          "value": "",
        },
        "ref": null,
        "rendered": null,
        "type": "input",
      },
      Object {
        "instance": null,
        "key": undefined,
        "nodeType": "class",
        "props": Object {
          "children": "Search",
          "className": "button",
          "onClick": [Function],
          "replace": false,
          "to": Object {
            "pathname": "/forecast/",
            "zipcode": "",
          },
        },
        "ref": null,
        "rendered": "Search",
        "type": [Function],
      },
    ],
    "type": "div",
  },
  Symbol(enzyme.__nodes__): Array [
    Object {
      "instance": null,
      "key": undefined,
      "nodeType": "host",
      "props": Object {
        "children": Array [
          <input
            id="search-bar"
            onChange={[Function]}
            placeholder="Enter zipcode"
            type="text"
            value=""
          />,
          <Link
            className="button"
            onClick={[Function]}
            replace={false}
            to={
              Object {
                "pathname": "/forecast/",
                "zipcode": "",
              }
            }
          >
            Search
          </Link>,
        ],
        "className": "search-container",
      },
      "ref": null,
      "rendered": Array [
        Object {
          "instance": null,
          "key": undefined,
          "nodeType": "host",
          "props": Object {
            "id": "search-bar",
            "onChange": [Function],
            "placeholder": "Enter zipcode",
            "type": "text",
            "value": "",
          },
          "ref": null,
          "rendered": null,
          "type": "input",
        },
        Object {
          "instance": null,
          "key": undefined,
          "nodeType": "class",
          "props": Object {
            "children": "Search",
            "className": "button",
            "onClick": [Function],
            "replace": false,
            "to": Object {
              "pathname": "/forecast/",
              "zipcode": "",
            },
          },
          "ref": null,
          "rendered": "Search",
          "type": [Function],
        },
      ],
      "type": "div",
    },
  ],
  Symbol(enzyme.__options__): Object {
    "adapter": ReactSixteenAdapter {
      "options": Object {
        "enableComponentDidUpdateOnSetState": true,
      },
    },
  },
}
`;
